iot_linear_containers.h:303:20:IotLink_IsLinked	24	static
iot_linear_containers.h:330:20:IotListDouble_Create	24	static
iot_linear_containers.h:349:22:IotListDouble_Count	24	static
iot_linear_containers.h:378:20:IotListDouble_IsEmpty	16	static
iot_linear_containers.h:396:27:IotListDouble_PeekHead	24	static
iot_linear_containers.h:446:20:IotListDouble_InsertHead	32	static
iot_linear_containers.h:473:20:IotListDouble_InsertTail	32	static
iot_linear_containers.h:584:20:IotListDouble_Remove	24	static
iot_linear_containers.h:609:27:IotListDouble_RemoveHead	24	static
iot_linear_containers.h:659:20:IotListDouble_RemoveAll	40	static
iot_linear_containers.h:860:20:IotDeQueue_Create	16	static
iot_linear_containers.h:874:22:IotDeQueue_Count	16	static
iot_linear_containers.h:889:20:IotDeQueue_IsEmpty	16	static
iot_linear_containers.h:906:27:IotDeQueue_PeekHead	16	static
iot_linear_containers.h:936:20:IotDeQueue_EnqueueHead	16	static
iot_linear_containers.h:953:27:IotDeQueue_DequeueHead	16	static
iot_linear_containers.h:966:20:IotDeQueue_EnqueueTail	16	static
iot_linear_containers.h:995:20:IotDeQueue_Remove	16	static
iot_linear_containers.h:1013:20:IotDeQueue_RemoveAll	24	static
iot_https_client.c:655:12:_httpParserOnMessageBeginCallback	32	static
iot_https_client.c:669:12:_httpParserOnStatusCallback	48	static
iot_https_client.c:696:12:_httpParserOnHeaderFieldCallback	48	static
iot_https_client.c:729:12:_httpParserOnHeaderValueCallback	48	static
iot_https_client.c:762:12:_httpParserOnHeadersCompleteCallback	32	static
iot_https_client.c:820:12:_httpParserOnBodyCallback	40	static
iot_https_client.c:906:12:_httpParserOnMessageCompleteCallback	32	static
iot_https_client.c:949:29:_receiveHttpsBodyAsync	48	static
iot_https_client.c:999:29:_receiveHttpsBodySync	40	static
iot_https_client.c:1052:13:_networkReceiveCallback	72	static
iot_https_client.c:1344:29:_createHttpsConnection	616	static
iot_https_client.c:1542:13:_networkDisconnect	32	static
iot_https_client.c:1556:13:_networkDestroy	32	static
iot_https_client.c:1570:29:_addHeader	64	static
iot_https_client.c:1613:29:_networkSend	64	static
iot_https_client.c:1650:29:_networkRecv	40	static
iot_https_client.c:1687:29:_sendHttpsHeaders	136	static
iot_https_client.c:1766:29:_sendHttpsBody	48	static
iot_https_client.c:1785:29:_parseHttpsMessage	64	static
iot_https_client.c:1825:13:_incrementNextLocationToWriteBeyondParsed	16	static
iot_https_client.c:1898:29:_receiveHttpsMessage	40	static
iot_https_client.c:1961:29:_receiveHttpsHeaders	40	static
iot_https_client.c:1991:29:_receiveHttpsBody	40	static
iot_https_client.c:2025:29:_flushHttpsNetworkData	48	static
iot_https_client.c:2084:29:_sendHttpsHeadersAndBody	32	static
iot_https_client.c:2122:13:_sendHttpsRequest	80	static
iot_https_client.c:2324:22:_scheduleHttpsRequestSend	32	static
iot_https_client.c:2359:22:_addRequestToConnectionReqQ	40	static
iot_https_client.c:2434:13:_cancelRequest	16	static
iot_https_client.c:2441:13:_cancelResponse	16	static
iot_https_client.c:2448:22:IotHttpsClient_Init	16	static
iot_https_client.c:2476:29:_initializeResponse	48	static
iot_https_client.c:2582:6:IotHttpsClient_Cleanup	4	static
iot_https_client.c:2589:22:IotHttpsClient_Connect	32	static
iot_https_client.c:2629:22:IotHttpsClient_Disconnect	48	static
iot_https_client.c:2731:22:IotHttpsClient_InitializeRequest	64	static
iot_https_client.c:2884:22:IotHttpsClient_AddHeader	48	static
iot_https_client.c:2951:22:IotHttpsClient_SendSync	40	static
iot_https_client.c:3057:22:IotHttpsClient_WriteRequestBody	40	static
iot_https_client.c:3109:22:IotHttpsClient_ReadResponseBody	48	static
iot_https_client.c:3171:22:IotHttpsClient_CancelRequestAsync	32	static
iot_https_client.c:3184:22:IotHttpsClient_CancelResponseAsync	32	static
iot_https_client.c:3198:22:IotHttpsClient_SendAsync	48	static
iot_https_client.c:3245:22:IotHttpsClient_ReadResponseStatus	32	static
iot_https_client.c:3264:22:IotHttpsClient_ReadHeader	56	static
iot_https_client.c:3364:22:IotHttpsClient_ReadContentLength	64	static
