iot_linear_containers.h:303:20:IotLink_IsLinked	24	static
iot_linear_containers.h:446:20:IotListDouble_InsertHead	32	static
iot_linear_containers.h:584:20:IotListDouble_Remove	24	static
iot_linear_containers.h:710:27:IotListDouble_FindFirstMatch	32	static
iot_mqtt_operation.c:96:13:_mqttOperation_match	32	static
iot_mqtt_operation.c:133:13:_checkRetryLimit	56	static
iot_mqtt_operation.c:207:13:_scheduleNextRetry	64	static
iot_mqtt_operation.c:318:16:_IotMqtt_CreateOperation	48	static
iot_mqtt_operation.c:465:6:_IotMqtt_DecrementOperationReferences	56	static
iot_mqtt_operation.c:541:6:_IotMqtt_DestroyOperation	48	static
iot_mqtt_operation.c:646:6:_IotMqtt_ProcessKeepAlive	112	static
iot_mqtt_operation.c:851:6:_IotMqtt_ProcessIncomingPublish	88	static
iot_mqtt_operation.c:902:6:_IotMqtt_ProcessSend	88	static
iot_mqtt_operation.c:1090:6:_IotMqtt_ProcessCompletedOperation	88	static
iot_mqtt_operation.c:1130:16:_IotMqtt_ScheduleOperation	80	static
iot_mqtt_operation.c:1178:20:_IotMqtt_FindOperation	80	static
iot_mqtt_operation.c:1287:6:_IotMqtt_Notify	64	static
