pk.h:170:36:mbedtls_pk_ec	16	static
iot_pkcs11_mbedtls.c:248:14:prvCheckValidSessionAndModule	24	static
iot_pkcs11_mbedtls.c:287:23:prvSessionPointerFromHandle	24	static
iot_pkcs11_mbedtls.c:303:17:prvOperationActive	24	static
iot_pkcs11_mbedtls.c:464:14:prvMbedTLS_Initialize	24	static
iot_pkcs11_mbedtls.c:519:14:prvGetObjectClass	48	static
iot_pkcs11_mbedtls.c:546:14:prvCertAttParse	32	static
iot_pkcs11_mbedtls.c:618:14:prvRsaKeyAttParse	64	static
iot_pkcs11_mbedtls.c:728:18:prvEcPrivKeyAttParse	32	static
iot_pkcs11_mbedtls.c:775:18:prvEcPubKeyAttParse	32	static
iot_pkcs11_mbedtls.c:823:18:prvEcKeyAttParse	48	static
iot_pkcs11_mbedtls.c:926:13:prvFindObjectInListByLabel	32	static
iot_pkcs11_mbedtls.c:956:13:prvFindObjectInListByHandle	32	static
iot_pkcs11_mbedtls.c:986:14:prvDeleteObjectFromList	32	static
iot_pkcs11_mbedtls.c:1033:14:prvAddObjectToList	40	static
iot_pkcs11_mbedtls.c:1105:14:prvSaveDerKeyToPal	56	static
iot_pkcs11_mbedtls.c:1211:11:PKCS11_PAL_DestroyObject	120	static
iot_pkcs11_mbedtls.c:1328:1:C_Initialize	24	static
iot_pkcs11_mbedtls.c:1358:1:C_Finalize	24	static
iot_pkcs11_mbedtls.c:1412:1:C_GetFunctionList	24	static
iot_pkcs11_mbedtls.c:1519:1:C_GetSlotList	32	static
iot_pkcs11_mbedtls.c:1580:1:C_GetTokenInfo	16	static
iot_pkcs11_mbedtls.c:1603:1:C_GetMechanismInfo	112	static
iot_pkcs11_mbedtls.c:1664:1:C_InitToken	24	static
iot_pkcs11_mbedtls.c:1699:1:C_OpenSession	40	static
iot_pkcs11_mbedtls.c:1849:1:C_CloseSession	24	static
iot_pkcs11_mbedtls.c:1909:1:C_Login	24	static
iot_pkcs11_mbedtls.c:1935:14:prvCreateCertificate	72	static
iot_pkcs11_mbedtls.c:1997:13:prvGetKeyType	40	static
iot_pkcs11_mbedtls.c:2026:13:prvGetLabel	40	static
iot_pkcs11_mbedtls.c:2061:18:prvGetExistingKeyComponent	96	static
iot_pkcs11_mbedtls.c:2137:18:prvCreateECKey	64	static
iot_pkcs11_mbedtls.c:2244:14:prvCreateRsaPrivateKey	56	static
iot_pkcs11_mbedtls.c:2314:14:prvCreatePrivateKey	32	static
iot_pkcs11_mbedtls.c:2359:14:prvCreatePublicKey	32	static
iot_pkcs11_mbedtls.c:2448:1:C_CreateObject	40	static
iot_pkcs11_mbedtls.c:2511:1:C_DestroyObject	24	static
iot_pkcs11_mbedtls.c:2566:1:C_GetAttributeValue	120	static
iot_pkcs11_mbedtls.c:2857:1:C_FindObjectsInit	56	static
iot_pkcs11_mbedtls.c:2974:1:C_FindObjects	56	static
iot_pkcs11_mbedtls.c:3096:1:C_FindObjectsFinal	24	static
iot_pkcs11_mbedtls.c:3145:1:C_DigestInit	24	static
iot_pkcs11_mbedtls.c:3215:1:C_DigestUpdate	32	static
iot_pkcs11_mbedtls.c:3284:1:C_DigestFinal	32	static
iot_pkcs11_mbedtls.c:3367:1:C_SignInit	72	static
iot_pkcs11_mbedtls.c:3535:1:C_Sign	152	static
iot_pkcs11_mbedtls.c:3690:1:C_VerifyInit	64	static
iot_pkcs11_mbedtls.c:3844:1:C_Verify	72	static
iot_pkcs11_mbedtls.c:4007:14:prvCheckGenerateKeyPairPrivateTemplate	40	static
iot_pkcs11_mbedtls.c:4094:14:prvCheckGenerateKeyPairPublicTemplate	56	static
iot_pkcs11_mbedtls.c:4228:1:C_GenerateKeyPair	80	static
iot_pkcs11_mbedtls.c:4416:1:C_GenerateRandom	40	static
