mflash_file.c:74:6:mflash_is_initialized	4	static
mflash_file.c:80:13:dir_path_store	24	static
mflash_file.c:104:13:dir_path_match	24	static
mflash_file.c:129:14:mflash_page_buf_get	16	static
mflash_file.c:141:13:mflash_page_buf_release	16	static
mflash_file.c:151:17:mflash_fs_sector_erase	24	static
mflash_file.c:164:17:mflash_fs_page_program	32	static
mflash_file.c:177:21:mflash_fs_get_ptr	16	static
mflash_file.c:187:17:mflash_readable_check	16	static
mflash_file.c:209:17:mflash_fs_check	24	static
mflash_file.c:242:17:mflash_file_check	24	static
mflash_file.c:277:17:mflash_dir_lookup	48	static
mflash_file.c:297:17:mflash_format_internal	88	static
mflash_file.c:401:10:mflash_format	32	static
mflash_file.c:426:10:mflash_template_match	88	static
mflash_file.c:448:17:mflash_fs_init	32	static
mflash_file.c:471:10:mflash_init	24	static
mflash_file.c:499:17:mflash_file_save_internal	56	static
mflash_file.c:558:10:mflash_file_save	112	static
mflash_file.c:591:17:mflash_file_mmap_internal	32	static
mflash_file.c:609:10:mflash_file_mmap	96	static
