aws_dev_mode_key_provisioning.c:122:14:prvProvisionPrivateECKey	152	static
aws_dev_mode_key_provisioning.c:211:14:prvProvisionPrivateRSAKey	256	static
aws_dev_mode_key_provisioning.c:310:7:xProvisionPrivateKey	56	static
aws_dev_mode_key_provisioning.c:364:7:xProvisionPublicKey	464	static
aws_dev_mode_key_provisioning.c:492:7:xProvisionGenerateKeyPairRSA	200	static
aws_dev_mode_key_provisioning.c:556:7:xProvisionGenerateKeyPairEC	200	static
aws_dev_mode_key_provisioning.c:618:7:xProvisionCertificate	152	static
aws_dev_mode_key_provisioning.c:732:7:xDestroyProvidedObjects	48	static
aws_dev_mode_key_provisioning.c:787:7:xDestroyDefaultCryptoObjects	64	static
aws_dev_mode_key_provisioning.c:815:14:prvExportPublicKey	88	static
aws_dev_mode_key_provisioning.c:910:14:prvGetProvisionedState	200	static
aws_dev_mode_key_provisioning.c:1009:13:prvWriteHexBytesToConsole	80	static
aws_dev_mode_key_provisioning.c:1065:7:xProvisionDevice	64	static
aws_dev_mode_key_provisioning.c:1258:7:vAlternateKeyProvisioning	32	static
aws_dev_mode_key_provisioning.c:1290:7:vDevModeKeyProvisioning	32	static
